genome_id	genome_length	gc_percent	num_genes	PHROG_100	PHROG_1002	PHROG_1018	PHROG_10198	PHROG_10276	PHROG_10300	PHROG_10362	PHROG_1039	PHROG_10401	PHROG_10426	PHROG_1043	PHROG_1045	PHROG_10457	PHROG_1049	PHROG_105	PHROG_1051	PHROG_10540	PHROG_1055	PHROG_1056	PHROG_10582	PHROG_1064	PHROG_107	PHROG_1076	PHROG_10775	PHROG_1079	PHROG_10841	PHROG_1086	PHROG_1102	PHROG_1106	PHROG_11079	PHROG_1111	PHROG_1117	PHROG_112	PHROG_1135	PHROG_114	PHROG_1140	PHROG_1143	PHROG_1149	PHROG_11530	PHROG_1154	PHROG_11548	PHROG_116	PHROG_1166	PHROG_11666	PHROG_1168	PHROG_1175	PHROG_11770	PHROG_1183	PHROG_1185	PHROG_12	PHROG_12005	PHROG_12019	PHROG_1203	PHROG_1209	PHROG_1219	PHROG_1221	PHROG_1234	PHROG_1246	PHROG_1249	PHROG_1250	PHROG_1253	PHROG_1254	PHROG_1256	PHROG_126	PHROG_1273	PHROG_1276	PHROG_1283	PHROG_1285	PHROG_12862	PHROG_129	PHROG_13	PHROG_1301	PHROG_1312	PHROG_1323	PHROG_13374	PHROG_1345	PHROG_13518	PHROG_1354	PHROG_1360	PHROG_1365	PHROG_13678	PHROG_138	PHROG_1383	PHROG_13892	PHROG_139	PHROG_1400	PHROG_1402	PHROG_1411	PHROG_1425	PHROG_1427	PHROG_14322	PHROG_1435	PHROG_14548	PHROG_1457	PHROG_1460	PHROG_14692	PHROG_1474	PHROG_1475	PHROG_1479	PHROG_1488	PHROG_14892	PHROG_14910	PHROG_14911	PHROG_150	PHROG_1501	PHROG_1502	PHROG_1504	PHROG_1507	PHROG_1510	PHROG_15101	PHROG_15115	PHROG_15223	PHROG_15247	PHROG_154	PHROG_1540	PHROG_15406	PHROG_1541	PHROG_155	PHROG_15551	PHROG_15656	PHROG_1566	PHROG_1582	PHROG_1586	PHROG_15863	PHROG_159	PHROG_1594	PHROG_15971	PHROG_16	PHROG_160	PHROG_16218	PHROG_1623	PHROG_1647	PHROG_1648	PHROG_16546	PHROG_1662	PHROG_16667	PHROG_1671	PHROG_16726	PHROG_168	PHROG_1683	PHROG_1690	PHROG_1692	PHROG_1695	PHROG_1699	PHROG_17	PHROG_170	PHROG_1700	PHROG_171	PHROG_1715	PHROG_17202	PHROG_17226	PHROG_173	PHROG_1735	PHROG_1739	PHROG_174	PHROG_1745	PHROG_1754	PHROG_17568	PHROG_1764	PHROG_17672	PHROG_1768	PHROG_1774	PHROG_17747	PHROG_17960	PHROG_1804	PHROG_18112	PHROG_1819	PHROG_1823	PHROG_1826	PHROG_1844	PHROG_18609	PHROG_1873	PHROG_19	PHROG_19082	PHROG_1913	PHROG_192	PHROG_1930	PHROG_1931	PHROG_19396	PHROG_19411	PHROG_1976	PHROG_1986	PHROG_19879	PHROG_19880	PHROG_1990	PHROG_19930	PHROG_2	PHROG_200	PHROG_2002	PHROG_2008	PHROG_2010	PHROG_2012	PHROG_2013	PHROG_2018	PHROG_2023	PHROG_2024	PHROG_2031	PHROG_2037	PHROG_2042	PHROG_2049	PHROG_2052	PHROG_2054	PHROG_20542	PHROG_2063	PHROG_207	PHROG_20738	PHROG_2084	PHROG_2087	PHROG_20946	PHROG_20955	PHROG_20959	PHROG_2102	PHROG_211	PHROG_21199	PHROG_213	PHROG_2140	PHROG_2153	PHROG_216	PHROG_2167	PHROG_2183	PHROG_21867	PHROG_21875	PHROG_219	PHROG_2192	PHROG_22	PHROG_221	PHROG_22149	PHROG_22176	PHROG_22200	PHROG_22220	PHROG_2224	PHROG_22251	PHROG_22284	PHROG_223	PHROG_22395	PHROG_224	PHROG_22433	PHROG_225	PHROG_2255	PHROG_2257	PHROG_22589	PHROG_2259	PHROG_2260	PHROG_22632	PHROG_227	PHROG_22722	PHROG_2274	PHROG_2283	PHROG_22850	PHROG_22927	PHROG_2294	PHROG_230	PHROG_23013	PHROG_23015	PHROG_2308	PHROG_231	PHROG_23161	PHROG_232	PHROG_2327	PHROG_23277	PHROG_2330	PHROG_2333	PHROG_23332	PHROG_23333	PHROG_2347	PHROG_2351	PHROG_236	PHROG_2360	PHROG_23600	PHROG_237	PHROG_2375	PHROG_23765	PHROG_2382	PHROG_239	PHROG_2394	PHROG_2401	PHROG_24038	PHROG_2416	PHROG_24162	PHROG_242	PHROG_24229	PHROG_24249	PHROG_24262	PHROG_2428	PHROG_2430	PHROG_24312	PHROG_24351	PHROG_24382	PHROG_2441	PHROG_2445	PHROG_2458	PHROG_246	PHROG_24661	PHROG_24675	PHROG_24698	PHROG_2470	PHROG_24891	PHROG_24898	PHROG_24905	PHROG_24953	PHROG_2501	PHROG_25018	PHROG_25054	PHROG_2506	PHROG_25228	PHROG_25229	PHROG_2524	PHROG_25261	PHROG_25296	PHROG_2538	PHROG_25384	PHROG_254	PHROG_25418	PHROG_25460	PHROG_25468	PHROG_2547	PHROG_255	PHROG_25619	PHROG_2573	PHROG_25950	PHROG_25957	PHROG_25979	PHROG_26	PHROG_2604	PHROG_26068	PHROG_2607	PHROG_261	PHROG_26111	PHROG_26169	PHROG_262	PHROG_26611	PHROG_267	PHROG_2678	PHROG_268	PHROG_2681	PHROG_269	PHROG_27014	PHROG_27069	PHROG_27087	PHROG_27093	PHROG_2710	PHROG_2725	PHROG_27445	PHROG_2758	PHROG_27672	PHROG_27675	PHROG_277	PHROG_27857	PHROG_28064	PHROG_281	PHROG_28112	PHROG_2812	PHROG_28140	PHROG_28391	PHROG_28444	PHROG_28575	PHROG_28836	PHROG_2888	PHROG_289	PHROG_28940	PHROG_28995	PHROG_29051	PHROG_29117	PHROG_29175	PHROG_29241	PHROG_29403	PHROG_29446	PHROG_2945	PHROG_29507	PHROG_29585	PHROG_29620	PHROG_29623	PHROG_29841	PHROG_29984	PHROG_30015	PHROG_30063	PHROG_30147	PHROG_30150	PHROG_30193	PHROG_3024	PHROG_30281	PHROG_3032	PHROG_30327	PHROG_30340	PHROG_30348	PHROG_30415	PHROG_30463	PHROG_30482	PHROG_30540	PHROG_30579	PHROG_30702	PHROG_30810	PHROG_30847	PHROG_30886	PHROG_30985	PHROG_31004	PHROG_31063	PHROG_31082	PHROG_31133	PHROG_31221	PHROG_31226	PHROG_31232	PHROG_31244	PHROG_31275	PHROG_31340	PHROG_314	PHROG_3151	PHROG_31550	PHROG_316	PHROG_31747	PHROG_31752	PHROG_31803	PHROG_3188	PHROG_31889	PHROG_31941	PHROG_31959	PHROG_3199	PHROG_32019	PHROG_3202	PHROG_32034	PHROG_32037	PHROG_32131	PHROG_32155	PHROG_32237	PHROG_32273	PHROG_323	PHROG_32327	PHROG_32338	PHROG_32390	PHROG_32466	PHROG_325	PHROG_32504	PHROG_32558	PHROG_32613	PHROG_32643	PHROG_32644	PHROG_32664	PHROG_32756	PHROG_32783	PHROG_32912	PHROG_32968	PHROG_33107	PHROG_332	PHROG_33401	PHROG_33476	PHROG_335	PHROG_3350	PHROG_33534	PHROG_33646	PHROG_33731	PHROG_33734	PHROG_33743	PHROG_33809	PHROG_33881	PHROG_33994	PHROG_34020	PHROG_34036	PHROG_34068	PHROG_342	PHROG_34208	PHROG_34235	PHROG_34285	PHROG_34298	PHROG_34335	PHROG_34351	PHROG_34395	PHROG_34402	PHROG_34506	PHROG_3451	PHROG_34548	PHROG_34577	PHROG_34594	PHROG_34806	PHROG_34823	PHROG_3487	PHROG_34888	PHROG_34945	PHROG_3496	PHROG_35036	PHROG_35052	PHROG_3513	PHROG_35188	PHROG_35246	PHROG_35263	PHROG_35342	PHROG_35345	PHROG_35389	PHROG_35426	PHROG_3546	PHROG_35580	PHROG_35589	PHROG_35602	PHROG_35611	PHROG_35668	PHROG_35710	PHROG_35737	PHROG_35845	PHROG_359	PHROG_35935	PHROG_35948	PHROG_3595	PHROG_3610	PHROG_36156	PHROG_36194	PHROG_36344	PHROG_36353	PHROG_3638	PHROG_36387	PHROG_36462	PHROG_36545	PHROG_3668	PHROG_36695	PHROG_367	PHROG_36720	PHROG_36755	PHROG_36800	PHROG_37031	PHROG_37122	PHROG_37227	PHROG_37232	PHROG_37263	PHROG_37298	PHROG_374	PHROG_37407	PHROG_37411	PHROG_37559	PHROG_37590	PHROG_37594	PHROG_37600	PHROG_37603	PHROG_3762	PHROG_37651	PHROG_37769	PHROG_3781	PHROG_37948	PHROG_37987	PHROG_38051	PHROG_38058	PHROG_38137	PHROG_38167	PHROG_38306	PHROG_38389	PHROG_38392	PHROG_3842	PHROG_38534	PHROG_38539	PHROG_38578	PHROG_38591	PHROG_38640	PHROG_38726	PHROG_3879	PHROG_388	PHROG_38813	PHROG_3987	PHROG_409	PHROG_4135	PHROG_414	PHROG_4159	PHROG_419	PHROG_420	PHROG_4203	PHROG_4218	PHROG_423	PHROG_4243	PHROG_429	PHROG_4290	PHROG_430	PHROG_4301	PHROG_435	PHROG_4363	PHROG_4408	PHROG_4429	PHROG_444	PHROG_446	PHROG_447	PHROG_448	PHROG_449	PHROG_45	PHROG_457	PHROG_4571	PHROG_464	PHROG_47	PHROG_4750	PHROG_4786	PHROG_4826	PHROG_487	PHROG_5	PHROG_5011	PHROG_505	PHROG_506	PHROG_5076	PHROG_5107	PHROG_5260	PHROG_5341	PHROG_543	PHROG_547	PHROG_548	PHROG_550	PHROG_551	PHROG_56	PHROG_562	PHROG_5682	PHROG_571	PHROG_578	PHROG_592	PHROG_598	PHROG_5989	PHROG_600	PHROG_6018	PHROG_606	PHROG_609	PHROG_612	PHROG_6186	PHROG_619	PHROG_6212	PHROG_622	PHROG_626	PHROG_631	PHROG_637	PHROG_639	PHROG_6444	PHROG_648	PHROG_651	PHROG_652	PHROG_653	PHROG_6547	PHROG_655	PHROG_656	PHROG_6637	PHROG_6645	PHROG_6681	PHROG_6693	PHROG_672	PHROG_679	PHROG_69	PHROG_704	PHROG_7045	PHROG_717	PHROG_72	PHROG_7229	PHROG_7266	PHROG_735	PHROG_739	PHROG_7504	PHROG_755	PHROG_7595	PHROG_77	PHROG_774	PHROG_7745	PHROG_7767	PHROG_7857	PHROG_7922	PHROG_795	PHROG_8	PHROG_802	PHROG_805	PHROG_807	PHROG_8091	PHROG_812	PHROG_8162	PHROG_8222	PHROG_8270	PHROG_8298	PHROG_832	PHROG_8368	PHROG_839	PHROG_84	PHROG_85	PHROG_8558	PHROG_858	PHROG_8589	PHROG_86	PHROG_860	PHROG_862	PHROG_8716	PHROG_8909	PHROG_891	PHROG_9033	PHROG_910	PHROG_917	PHROG_920	PHROG_924	PHROG_931	PHROG_94	PHROG_945	PHROG_951	PHROG_958	PHROG_963	PHROG_964	PHROG_9665	PHROG_967	PHROG_968	PHROG_9690	PHROG_97	PHROG_972	PHROG_977	PHROG_979	PHROG_9863	PHROG_990	PHROG_999	especificos_kingdom	caracteristicos_kingdom	especificos_phylum	caracteristicos_phylum	especificos_class	caracteristicos_class	especificos_family	caracteristicos_family	especificos_genus	caracteristicos_genus	especificos_species	caracteristicos_species
CLP1	140658	0.31	201	0	0	0	0	0	0	0	0	0	0	0	0	0	0	0	0	0	0	0	0	0	0	0	0	0	0	0	0	0	1	0	0	0	0	0	0	0	0	0	0	0	0	0	1	0	0	0	0	0	0	1	0	0	0	0	1	0	0	0	0	0	0	0	0	0	0	0	0	0	0	0	0	0	0	1	0	0	0	0	1	0	0	1	1	1	0	0	0	0	0	1	0	0	0	1	0	0	0	0	0	0	0	0	0	0	0	0	0	0	0	0	0	0	0	0	0	0	0	0	0	0	0	0	0	0	0	0	1	1	0	0	0	0	0	0	0	0	1	0	0	0	0	0	0	0	0	0	0	0	0	0	0	0	0	0	0	0	0	0	0	0	0	0	0	0	0	0	0	0	0	0	0	0	0	0	1	0	0	0	0	0	0	0	0	0	1	0	0	0	0	0	0	0	0	0	0	0	0	0	0	0	0	0	0	0	0	0	1	0	0	0	0	0	0	0	0	0	0	0	0	0	0	0	0	0	0	0	0	0	0	0	0	1	0	0	0	0	0	1	0	0	0	0	0	0	0	0	0	0	0	0	0	0	0	0	0	0	0	0	0	0	0	0	0	0	0	0	0	0	0	0	0	0	0	0	0	0	0	0	0	1	0	0	0	0	0	0	0	0	0	0	1	0	0	0	1	0	0	0	0	0	0	0	0	1	0	0	0	0	0	0	0	0	0	1	0	0	0	1	0	0	1	0	0	0	0	0	1	0	0	0	0	0	0	0	0	0	0	0	0	0	0	0	0	0	0	0	0	0	0	0	0	0	0	0	0	0	0	1	0	0	0	0	1	0	0	0	0	1	0	0	0	0	0	1	0	0	0	0	0	1	0	0	0	1	0	0	0	0	1	0	1	0	0	0	1	0	0	0	0	0	0	0	0	0	0	0	0	0	0	1	0	1	0	0	0	0	0	0	0	1	1	0	0	0	0	0	0	1	0	0	0	0	0	1	0	0	0	0	0	0	0	0	0	0	1	0	0	0	0	1	0	0	0	0	0	1	0	0	0	0	1	0	0	0	0	1	0	0	1	0	0	0	0	0	0	0	0	0	0	1	0	1	0	0	0	1	0	0	0	0	0	0	0	0	1	0	0	0	0	0	0	0	0	0	0	0	0	0	0	1	1	0	0	0	0	1	0	0	0	0	0	0	1	1	0	1	0	0	0	0	1	1	0	1	0	0	0	0	0	0	0	0	0	1	0	1	0	0	1	0	1	0	0	0	0	0	1	0	0	0	0	0	0	0	0	0	1	1	0	0	0	0	0	1	1	0	0	0	0	0	0	0	0	0	0	1	0	1	1	0	0	0	0	0	0	0	0	0	0	0	0	0	0	0	0	0	0	0	0	1	1	1	1	0	0	0	0	0	0	0	0	0	0	0	1	0	0	0	0	1	0	0	0	0	1	0	0	0	0	0	0	0	0	0	0	0	0	0	0	0	0	0	0	0	0	0	0	0	0	0	1	0	0	0	0	1	0	0	0	0	1	0	0	0	0	0	0	1	0	0	0	0	0	0	0	0	0	0	0	0	1	0	1	1	0	0	1	1	0	255	0	255	0	255	0	24	48	81	87	6	87
CPG1g	44244	0.43	54	0	0	1	0	0	0	0	0	0	0	0	0	0	0	0	0	0	0	0	0	0	1	0	0	0	0	0	0	0	0	0	0	0	0	1	0	0	0	0	0	0	0	0	0	0	0	0	0	0	0	0	0	0	0	0	0	0	0	1	0	0	0	0	0	0	0	0	0	0	0	0	0	1	0	0	0	0	0	0	0	0	0	0	0	1	0	0	0	0	0	0	0	0	0	0	1	0	0	0	0	0	0	0	0	0	0	0	0	0	1	0	0	0	0	1	0	0	0	0	0	0	0	0	0	0	0	0	0	0	1	0	0	0	0	0	0	0	0	0	0	0	0	0	0	1	0	0	0	0	0	0	0	0	0	0	0	0	0	0	1	0	0	0	1	1	0	0	0	0	0	0	0	0	0	0	0	0	0	1	0	0	0	0	0	0	0	0	0	0	0	0	0	0	0	0	0	0	0	0	0	0	0	0	0	0	0	0	0	0	0	0	0	0	0	0	0	0	0	0	0	0	0	0	0	0	1	0	0	0	0	0	0	0	0	0	0	0	0	0	0	0	0	0	0	0	0	0	0	0	0	0	0	0	0	0	0	0	0	0	0	0	0	0	0	0	0	0	0	0	0	0	0	0	1	0	0	0	0	0	0	0	0	0	0	0	0	0	0	0	0	0	0	0	0	0	0	0	0	0	0	0	0	0	0	0	0	0	0	0	0	0	0	0	0	0	0	0	0	0	0	0	0	0	0	0	0	0	0	0	0	0	1	0	0	0	0	0	0	0	0	1	1	0	0	0	0	0	0	0	0	1	0	0	0	0	0	0	0	0	0	0	0	0	0	1	0	1	0	0	0	0	0	1	0	0	0	0	0	0	0	0	0	0	0	0	0	0	0	0	0	0	0	0	0	0	0	1	0	1	0	0	0	0	0	0	0	0	0	0	0	0	0	0	0	0	0	0	0	0	0	0	0	0	0	0	0	0	1	0	0	0	0	0	0	0	0	0	0	0	0	0	0	0	0	0	0	0	0	1	0	0	0	0	0	0	0	0	0	1	0	0	0	0	0	0	0	0	0	0	0	0	0	0	0	0	0	0	0	0	0	0	0	0	0	0	0	0	0	0	0	0	1	0	0	0	0	0	0	0	0	0	0	0	1	0	0	0	0	0	0	0	0	0	0	0	0	0	0	1	0	0	0	0	0	0	0	0	0	0	0	0	0	0	0	0	0	0	0	0	0	0	0	0	0	0	0	0	0	0	0	0	0	0	0	0	0	1	0	0	0	0	0	1	0	0	1	0	0	0	0	0	1	0	1	0	0	1	0	1	1	0	0	0	0	0	0	0	0	0	0	0	0	0	0	0	0	0	0	0	0	0	0	0	0	0	0	0	0	0	0	0	0	0	0	0	0	0	0	0	0	0	0	0	0	0	0	0	0	0	0	0	0	0	0	0	0	0	0	0	0	0	0	0	0	0	0	0	1	0	0	0	0	0	0	0	1	0	0	0	0	0	1	0	0	0	0	0	0	0	0	0	0	0	1	0	0	1	1	0	0	1	0	0	0	0	0	0	0	0	0	0	0	0	0	0	0	0	0	0	0	138	0	138	0	138	0	60	30	33	47	33	47
Cellulophaga	145865	0.33	212	0	0	0	0	0	0	0	0	0	0	0	0	0	0	0	0	0	0	0	0	0	0	0	0	0	1	0	0	0	1	0	0	0	0	1	0	0	0	0	0	1	1	0	0	0	0	1	0	0	0	1	0	0	0	0	0	0	0	0	0	0	0	0	0	0	0	0	0	1	0	0	0	0	0	0	0	0	0	0	0	0	0	0	0	0	0	0	0	0	0	0	0	0	0	0	0	0	0	1	0	0	0	0	0	0	0	0	0	0	0	0	0	0	1	0	1	0	0	1	1	0	0	0	1	0	0	0	1	1	0	0	0	0	0	0	1	0	0	0	0	0	0	0	0	0	0	0	0	0	0	0	0	1	0	0	1	0	0	0	0	0	0	0	0	0	0	0	0	0	0	0	0	0	0	0	0	0	0	0	0	0	0	0	0	0	1	0	1	0	0	0	0	0	1	0	0	0	0	0	0	0	0	0	0	0	0	0	0	0	1	0	0	0	1	0	0	0	0	0	0	0	0	0	0	0	0	0	0	0	0	0	0	0	0	0	0	0	0	0	0	0	1	0	0	0	0	0	0	0	1	0	0	0	0	0	0	1	0	0	0	0	0	0	1	0	0	0	0	0	0	0	1	0	0	0	0	1	0	1	0	1	1	0	1	0	0	0	1	0	0	0	0	0	0	0	0	1	0	0	0	0	0	0	0	1	0	0	0	0	0	1	0	0	1	0	0	0	0	0	0	0	0	0	0	0	0	0	1	0	0	0	0	0	0	0	0	0	0	1	0	0	0	1	0	0	0	0	0	1	0	0	0	0	0	1	1	1	0	1	0	1	1	0	1	0	1	0	0	1	1	1	0	0	1	1	1	1	1	0	0	1	1	1	1	1	1	0	1	1	0	1	0	0	1	1	1	0	1	0	1	1	1	1	1	1	0	0	1	0	1	1	1	1	1	1	1	0	1	0	1	1	1	1	1	1	0	0	0	1	1	0	1	1	0	1	1	1	1	1	1	0	1	0	1	1	1	0	0	0	1	0	1	1	1	1	1	1	0	0	0	1	1	1	0	1	1	1	0	1	0	1	0	1	1	0	1	1	0	1	1	0	1	1	0	1	0	1	1	0	0	1	0	1	1	1	1	1	0	0	1	0	0	1	0	1	1	0	0	0	1	0	1	0	1	1	1	1	1	0	1	1	0	0	1	1	1	0	1	1	1	0	1	1	0	1	1	1	0	1	1	0	0	0	0	1	1	1	1	1	1	1	0	1	0	0	0	0	0	1	0	0	0	0	1	0	0	0	0	1	0	0	0	0	0	1	0	0	0	0	0	0	0	0	1	0	0	0	0	0	0	0	0	0	0	0	1	0	0	0	0	0	0	0	0	0	0	0	0	0	0	0	0	0	0	0	0	0	0	0	0	0	0	0	0	0	1	0	0	0	1	1	0	0	0	1	0	0	0	0	0	0	0	0	0	0	0	0	0	0	0	0	0	0	0	0	0	0	0	0	0	0	0	0	0	0	0	1	0	0	0	0	1	0	0	0	0	0	0	0	0	0	1	0	0	0	0	0	0	0	0	0	0	0	1	0	0	0	1	0	0	561	0	561	0	561	0	66	38	354	185	3	188
P22	41724	0.47	79	0	0	0	0	0	0	0	0	0	1	0	0	1	0	0	0	0	1	0	0	0	0	0	0	0	0	0	0	0	0	0	1	0	0	0	0	0	0	1	0	0	0	0	0	0	1	0	0	0	0	0	0	0	0	1	0	0	0	0	0	0	0	0	1	1	0	0	0	0	0	1	1	0	0	0	0	0	0	0	1	0	0	0	0	0	0	1	0	0	0	0	0	1	0	0	0	0	0	0	0	0	0	1	0	0	0	0	0	1	0	0	0	0	0	0	0	0	1	0	0	0	0	0	0	0	0	0	0	0	0	0	0	0	1	0	0	0	0	0	0	0	0	0	0	0	0	0	1	0	0	0	0	0	0	0	0	0	0	0	0	0	0	0	0	0	0	1	0	0	0	0	0	0	0	1	0	0	0	0	0	0	0	0	0	0	0	0	0	0	0	0	0	0	0	0	0	0	0	0	0	0	0	0	0	0	1	0	0	0	0	1	0	0	0	0	0	0	0	0	0	1	1	0	0	0	0	0	0	0	0	1	0	0	0	0	0	0	0	0	0	0	0	1	1	0	0	0	0	0	0	0	0	0	0	0	0	0	0	0	0	0	0	0	0	0	0	0	0	0	0	0	0	0	0	1	0	0	0	0	0	0	0	0	0	0	0	0	0	0	1	0	0	0	0	0	0	0	0	0	0	0	0	0	0	0	0	0	0	0	0	0	0	0	0	0	0	0	0	0	0	1	0	0	0	0	0	0	0	0	0	0	0	0	1	0	0	0	0	0	0	0	0	0	0	0	0	1	0	0	0	0	1	0	0	0	0	0	0	0	0	0	0	1	0	0	0	0	1	0	0	0	0	0	0	0	0	0	0	0	0	0	0	0	0	0	0	1	0	0	0	0	0	0	0	0	0	0	0	0	0	0	0	0	0	0	0	0	0	0	0	0	0	0	0	0	0	0	0	1	0	0	0	0	0	0	1	0	0	0	0	0	0	0	0	0	0	0	0	0	0	1	0	0	0	0	0	0	0	0	0	0	0	0	0	0	0	0	0	0	0	0	0	0	1	0	0	0	0	0	0	0	0	0	0	0	0	0	1	0	0	0	0	0	0	0	0	0	0	1	0	0	0	0	0	0	0	0	0	0	0	0	0	0	0	0	0	1	0	0	0	0	0	0	0	0	0	0	0	0	0	0	0	0	0	0	0	0	0	0	0	0	0	0	0	0	0	0	0	0	0	1	0	0	0	0	0	0	0	0	0	0	0	0	0	1	0	0	0	0	0	0	0	0	0	0	0	0	0	0	0	0	0	1	0	0	0	0	0	0	0	0	0	0	0	0	0	0	0	0	0	0	0	0	0	0	0	0	1	0	0	0	0	1	1	0	1	0	0	1	1	0	0	0	0	0	0	0	0	1	0	0	1	1	0	0	0	0	1	0	0	0	0	1	0	0	0	0	0	1	0	0	0	0	0	0	0	0	0	1	0	0	0	1	0	0	0	0	1	0	0	1	0	0	0	0	0	0	0	1	0	1	0	0	0	0	0	0	0	0	1	0	1	0	0	0	0	0	0	0	0	0	0	0	0	0	0	0	0	0	0	201	0	201	0	201	0	27	11	39	48	6	67
T4	168083	0.35	291	1	1	0	0	0	0	0	1	0	0	1	1	0	1	1	1	0	0	1	1	1	1	1	0	1	0	1	1	1	0	1	0	0	1	1	1	1	1	0	1	0	0	1	0	1	0	0	1	1	0	0	0	1	1	0	0	1	1	0	1	1	1	1	0	0	0	1	1	0	0	0	0	0	1	0	1	0	1	1	0	0	1	0	0	1	1	0	1	1	1	0	1	0	1	0	0	1	1	0	1	1	0	0	1	0	1	1	1	0	0	0	0	1	0	0	0	1	0	0	0	1	1	1	0	0	1	0	0	1	0	0	1	1	0	1	0	1	0	1	1	1	1	1	1	0	0	1	0	1	0	0	1	0	1	1	0	1	0	1	0	0	1	0	0	0	1	0	1	1	1	0	1	1	1	0	0	1	1	0	0	1	1	0	0	0	0	0	0	0	1	1	0	0	0	1	1	1	1	1	1	1	1	0	1	1	0	1	0	0	0	0	1	1	0	1	1	1	0	1	1	0	0	1	1	1	0	0	0	0	0	0	0	0	1	0	1	0	1	0	1	1	0	0	0	1	0	1	1	0	0	1	1	0	1	0	1	0	1	1	0	1	1	0	0	1	1	0	1	0	1	1	0	1	0	0	1	0	1	0	1	0	0	1	0	1	0	1	0	1	0	1	0	0	0	0	0	0	0	0	1	1	0	0	0	0	0	0	0	0	0	0	1	0	0	0	1	1	0	0	0	0	0	0	1	0	1	1	0	0	1	0	0	1	0	1	1	0	0	0	0	0	0	0	1	0	0	0	0	0	1	0	0	1	1	0	0	0	1	0	0	0	0	0	0	0	0	0	0	0	0	0	0	0	0	0	0	0	0	0	1	0	0	0	0	0	0	0	0	0	0	0	0	0	0	0	0	0	0	0	0	0	0	0	0	0	1	1	0	1	0	0	0	0	0	0	0	0	0	0	0	0	0	0	0	0	0	0	0	0	0	1	0	0	0	0	0	0	0	0	0	0	0	0	0	0	1	1	1	0	0	0	0	0	0	0	0	0	1	0	0	0	0	0	0	0	0	0	0	0	0	0	0	0	0	1	0	0	0	0	0	0	0	0	1	0	0	0	0	0	1	0	0	0	0	0	0	0	0	0	0	1	1	0	0	0	0	0	0	0	0	0	0	0	0	0	0	0	0	0	0	0	0	0	0	0	0	0	0	0	0	1	0	0	1	0	0	0	0	0	0	0	0	1	0	0	0	0	0	0	0	0	1	0	1	0	1	0	0	0	1	1	1	0	0	1	0	1	0	0	1	0	0	0	0	0	0	0	1	0	0	1	1	0	0	0	1	0	1	1	0	0	0	0	1	1	0	1	0	1	1	1	1	0	0	1	0	1	1	0	0	1	1	0	0	1	1	1	0	0	1	0	0	0	1	1	0	1	0	0	0	0	1	0	1	0	0	0	1	0	1	1	1	1	1	1	0	1	1	0	0	1	1	0	0	1	0	0	0	1	0	0	0	0	1	1	1	0	0	0	1	0	0	1	0	0	0	0	0	1	0	0	0	1	0	0	1	1	1	1	0	1	0	1	0	1	1	0	0	0	1	732	0	732	0	732	0	387	142	18	242	0	246
TSP1	38307	0.31	62	0	0	0	0	1	1	1	0	0	0	0	0	0	0	0	0	0	0	0	0	0	0	0	0	0	0	0	0	0	0	0	0	0	0	0	0	0	0	0	0	0	0	0	0	0	0	0	0	0	0	0	0	0	0	0	0	0	0	0	0	0	0	0	0	0	0	0	0	0	1	0	0	0	0	0	0	0	0	0	0	0	0	0	0	0	0	0	0	0	0	0	0	0	0	0	0	0	0	0	0	0	0	0	0	0	0	0	0	0	0	1	0	0	0	0	0	0	0	0	0	0	0	0	0	0	0	0	0	0	0	0	0	0	0	0	0	0	0	0	0	0	0	0	0	0	0	0	0	0	0	0	0	0	0	0	0	0	0	0	0	0	0	0	0	0	0	0	0	0	0	0	0	0	0	0	0	0	0	0	0	0	0	1	0	0	0	1	0	0	0	0	0	0	0	0	0	0	0	0	0	0	0	0	0	0	0	0	0	0	0	0	0	0	0	0	0	0	1	0	0	0	0	0	0	0	0	0	0	0	0	0	0	1	0	0	0	0	0	0	0	0	0	0	0	0	0	0	0	0	0	0	0	0	0	0	0	0	0	0	0	0	0	0	0	0	0	0	0	0	0	0	0	0	0	0	0	0	0	0	0	0	0	0	0	0	0	0	0	0	0	0	0	0	0	0	0	0	0	0	0	0	0	0	0	0	0	0	0	0	0	0	0	1	0	0	0	0	0	0	0	0	0	0	0	0	0	0	0	0	0	0	0	0	0	0	0	0	0	0	0	0	0	0	0	0	0	0	0	0	0	0	0	0	0	0	0	0	0	0	0	0	0	0	0	0	0	0	0	0	0	0	0	0	0	0	0	0	0	0	0	0	0	0	0	0	0	0	0	0	0	0	0	0	0	0	0	0	0	0	0	0	0	0	0	0	0	0	0	0	0	0	0	0	0	0	0	0	0	0	0	0	0	0	0	0	0	0	0	0	0	0	0	0	0	0	0	0	0	0	0	0	0	0	0	0	0	0	0	0	0	0	0	0	0	0	0	0	0	0	0	0	0	0	0	0	0	0	0	0	0	0	0	0	0	0	0	0	0	0	0	0	0	0	0	0	0	0	0	0	0	0	0	0	0	0	0	0	0	0	0	0	0	0	0	0	0	0	0	0	0	0	0	0	0	0	0	0	0	0	0	0	1	0	0	0	0	0	0	0	0	0	0	0	0	0	0	0	0	0	0	0	0	0	0	0	0	0	0	0	0	0	0	0	0	0	0	0	0	0	0	0	0	0	0	0	0	0	0	0	0	0	0	0	0	0	0	0	0	0	0	0	0	0	0	0	0	0	0	0	0	0	0	0	0	0	0	0	0	0	0	0	0	0	0	0	0	0	0	0	0	0	0	0	0	0	0	0	0	0	0	1	0	0	0	0	0	0	0	0	0	0	0	0	0	0	0	0	0	0	0	0	0	0	0	0	0	0	0	0	1	0	0	0	1	0	0	0	0	0	0	0	0	0	0	0	0	0	0	0	0	0	0	0	0	0	0	0	0	0	0	0	0	0	1	0	0	0	0	0	0	0	0	0	0	0	0	0	0	0	0	33	0	33	0	33	0	6	10	3	13	3	13
crp13	55022	0.44	82	0	0	0	1	0	0	0	0	0	0	0	0	0	0	0	0	1	0	0	0	0	0	0	1	0	0	0	0	0	0	0	0	1	0	0	0	0	0	0	0	0	0	0	0	0	0	0	0	0	0	0	1	0	0	0	0	0	0	0	0	0	0	0	0	0	1	0	0	0	0	0	0	0	0	0	0	1	0	0	0	1	0	0	0	0	0	0	0	0	0	0	0	0	0	0	0	0	0	0	0	0	1	0	0	0	0	0	0	0	0	0	0	0	0	0	0	0	0	0	0	0	0	0	0	0	0	1	0	0	0	0	0	0	0	0	0	0	0	0	0	0	0	0	0	0	1	0	0	0	0	0	0	0	0	0	0	0	0	0	0	1	0	1	0	0	0	0	0	0	0	0	0	0	0	0	0	0	0	0	0	0	0	0	0	1	0	0	0	0	0	0	1	1	0	0	0	0	0	0	0	0	0	0	0	0	0	0	0	0	0	0	0	0	0	0	0	0	0	0	0	0	0	0	0	1	1	1	0	0	0	0	0	0	0	0	0	0	0	0	0	0	0	0	0	0	0	0	0	0	0	0	0	0	0	0	0	0	0	0	0	0	0	0	0	0	0	1	0	0	0	0	0	0	1	0	0	0	0	0	0	0	0	0	0	0	0	0	0	0	0	0	0	0	0	0	0	0	1	0	0	0	0	0	0	0	0	1	0	0	1	0	0	0	0	0	0	0	0	0	0	0	0	0	0	0	0	0	0	0	0	0	1	0	0	0	0	0	0	0	0	0	0	0	0	0	0	0	0	0	0	0	0	0	0	0	0	0	0	0	0	0	0	0	0	0	0	0	0	0	0	0	0	0	0	0	0	0	0	0	0	0	0	0	0	0	0	0	0	0	0	0	0	0	0	0	0	0	0	0	0	0	0	0	0	0	0	0	0	0	0	0	0	0	0	0	0	1	0	0	0	0	0	0	0	0	0	1	0	0	0	0	0	0	0	0	0	0	0	0	0	0	0	1	0	0	0	0	0	0	0	0	0	0	0	0	0	0	0	0	0	0	0	0	0	0	0	0	0	0	0	0	0	0	0	0	0	0	0	0	0	0	0	0	0	0	0	0	0	0	0	0	0	0	0	0	0	0	0	0	0	0	0	0	0	0	0	0	0	0	0	0	0	1	0	0	0	0	0	0	0	0	0	0	0	0	0	0	0	0	0	0	0	0	0	0	0	0	1	0	0	0	0	0	1	0	0	0	0	0	0	0	0	0	0	0	0	0	0	0	0	0	0	0	0	0	0	0	0	0	0	0	0	0	0	0	0	0	0	0	0	0	0	0	0	0	0	0	0	0	0	0	1	0	0	0	0	0	0	0	0	0	0	0	0	0	0	0	0	0	0	0	0	0	0	0	0	0	0	0	0	0	0	0	0	0	0	0	0	0	0	0	0	0	0	0	0	0	0	0	0	0	0	0	0	0	1	0	0	0	0	0	0	0	0	0	0	0	0	0	0	0	0	0	0	0	0	0	1	0	0	0	0	0	0	1	1	0	0	0	0	0	0	0	0	1	0	0	0	0	1	0	0	0	0	0	0	1	0	0	0	96	0	96	0	96	0	18	18	3	34	3	35
sio2	81184	0.45	124	0	0	0	0	0	0	0	0	1	0	0	0	0	0	0	0	0	0	0	0	0	0	0	0	0	0	0	0	0	0	0	0	0	0	0	0	0	0	0	0	0	0	0	0	0	0	0	0	0	1	0	0	0	0	0	0	0	0	0	0	0	0	0	0	0	0	0	0	0	0	0	0	0	0	0	0	0	0	0	0	0	0	0	0	0	0	0	0	0	0	0	0	0	0	0	0	0	0	0	0	0	0	0	0	1	0	0	0	0	0	0	1	0	0	0	0	0	0	0	0	0	0	0	0	1	0	0	1	0	0	1	0	0	0	0	0	0	0	0	0	0	0	0	0	0	0	0	0	0	1	1	0	0	0	0	0	0	1	0	0	0	0	0	0	0	0	0	0	0	0	1	0	1	0	0	0	0	0	0	1	0	0	0	1	0	0	1	0	1	0	0	0	0	0	0	0	0	0	0	0	0	0	1	0	0	0	0	0	1	0	0	0	0	0	0	0	0	0	0	0	0	0	0	0	0	0	0	1	1	1	0	1	0	0	1	0	1	0	0	0	0	0	0	0	0	1	0	0	1	0	0	0	1	0	1	0	0	0	0	1	0	0	1	0	0	0	0	0	1	0	0	0	0	0	0	0	0	0	0	0	0	0	0	0	0	1	0	0	0	0	0	0	1	1	1	0	0	0	1	0	0	1	1	1	0	1	0	1	1	0	0	0	0	0	0	0	0	1	1	1	0	0	1	0	1	0	0	0	1	0	1	0	0	0	0	0	1	1	0	1	0	0	0	0	1	1	0	1	0	0	0	0	0	0	0	0	0	0	0	1	0	0	0	0	0	0	0	0	0	0	0	1	0	0	0	0	0	0	1	0	0	0	0	0	0	0	0	0	0	0	0	0	1	0	0	0	0	0	0	0	0	0	0	0	0	0	0	0	0	0	0	0	0	0	0	0	0	0	0	0	0	0	0	0	0	0	0	0	0	0	0	0	0	1	0	0	0	0	0	0	0	0	0	0	0	0	0	0	0	0	0	0	0	0	0	0	0	0	0	1	0	0	0	0	0	0	0	1	0	0	0	1	0	0	0	0	0	0	0	0	0	0	0	0	0	1	0	0	0	0	0	0	0	0	0	0	0	1	1	0	0	0	0	0	0	0	0	1	1	0	0	0	0	0	0	0	0	0	0	0	0	0	1	0	0	0	0	0	0	0	0	0	0	0	0	0	0	0	0	0	0	1	0	0	0	0	0	0	0	0	0	0	0	0	0	0	0	0	0	0	0	0	0	0	0	0	0	0	0	0	1	0	0	0	0	0	0	0	0	0	0	1	1	0	1	0	0	0	0	0	1	0	1	0	0	0	0	0	0	0	0	0	0	0	0	0	0	0	0	0	0	0	0	0	0	0	0	1	0	0	0	0	0	0	0	0	0	0	1	0	0	0	0	0	0	0	1	0	0	0	0	0	0	0	0	0	0	0	0	0	0	0	0	0	0	0	1	0	0	1	0	0	1	0	0	0	0	0	0	0	0	0	0	0	0	0	0	0	0	0	0	0	0	0	0	0	0	0	0	0	0	0	0	1	0	0	0	0	0	0	117	0	117	0	117	0	24	14	30	39	30	39
