genome_id	genome_length	gc_percent	num_genes
CLP1	140658	0.31	201
CPG1g	44244	0.43	54
Cellulophaga	145865	0.33	212
P22	41724	0.47	79
T4	168083	0.35	291
TSP1	38307	0.31	62
crp13	55022	0.44	82
sio2	81184	0.45	124
